../Core/Src/main.c:97:6:delay_us	16	static
../Core/Src/main.c:108:5:main	8	static
../Core/Src/main.c:191:6:SystemClock_Config	88	static
../Core/Src/main.c:239:13:MX_TIM6_Init	16	static
../Core/Src/main.c:277:13:MX_USART2_UART_Init	8	static
../Core/Src/main.c:310:13:MX_GPIO_Init	48	static
../Core/Src/main.c:364:6:LCD_Enable	8	static
../Core/Src/main.c:371:6:LCD_Send4	16	static
../Core/Src/main.c:380:6:LCD_Command	16	static
../Core/Src/main.c:388:6:LCD_Data	16	static
../Core/Src/main.c:396:6:LCD_Init	8	static
../Core/Src/main.c:411:6:LCD_SetCursor	24	static
../Core/Src/main.c:418:6:LCD_String	16	static
../Core/Src/main.c:425:6:DS_Output	32	static
../Core/Src/main.c:437:6:DS_Input	32	static
../Core/Src/main.c:448:9:DS_Reset	16	static
../Core/Src/main.c:469:6:DS_WriteBit	16	static
../Core/Src/main.c:488:9:DS_ReadBit	16	static
../Core/Src/main.c:508:6:DS_WriteByte	24	static
../Core/Src/main.c:517:9:DS_ReadByte	16	static
../Core/Src/main.c:532:7:DS_ReadTemp	16	static
../Core/Src/main.c:565:6:StartDefaultTask	40	static
../Core/Src/main.c:592:6:Error_Handler	4	static,ignoring_inline_asm
