../Core/Src/main.c:91:6:LCD_Enable	8	static
../Core/Src/main.c:98:6:LCD_Send4Bit	16	static
../Core/Src/main.c:107:6:LCD_Command	16	static
../Core/Src/main.c:117:6:LCD_Data	16	static
../Core/Src/main.c:125:6:LCD_Init	8	static
../Core/Src/main.c:142:6:LCD_SetCursor	16	static
../Core/Src/main.c:150:6:LCD_Print	16	static
../Core/Src/main.c:157:6:delay_us	16	static
../Core/Src/main.c:163:6:DS_Output	32	static
../Core/Src/main.c:175:6:DS_Input	32	static
../Core/Src/main.c:186:9:DS_Reset	16	static
../Core/Src/main.c:203:6:DS_WriteBit	16	static
../Core/Src/main.c:217:9:DS_ReadBit	16	static
../Core/Src/main.c:236:6:DS_WriteByte	24	static
../Core/Src/main.c:245:9:DS_ReadByte	16	static
../Core/Src/main.c:258:7:DS_ReadTemp	16	static
../Core/Src/main.c:290:5:main	8	static
../Core/Src/main.c:375:6:SystemClock_Config	88	static
../Core/Src/main.c:423:13:MX_TIM6_Init	16	static
../Core/Src/main.c:461:13:MX_USART2_UART_Init	8	static
../Core/Src/main.c:494:13:MX_GPIO_Init	48	static
../Core/Src/main.c:559:6:StartDefaultTask	16	static
../Core/Src/main.c:589:6:StartTask02	16	static
../Core/Src/main.c:616:6:Error_Handler	4	static,ignoring_inline_asm
