../Core/Src/Oled_Display.c:139:6:SSD1306_WriteCommand	32	static
../Core/Src/Oled_Display.c:146:6:SSD1306_WriteData	160	static
../Core/Src/Oled_Display.c:158:6:SSD1306_Init	8	static
../Core/Src/Oled_Display.c:192:6:SSD1306_DisplayImage	24	static
../Core/Src/Oled_Display.c:203:6:SSD1306_Clear	144	static
../Core/Src/Oled_Display.c:217:6:SSD1306_StartScroll	8	static
../Core/Src/Oled_Display.c:231:6:SSD1306_DisplayMAC	200	static
../Core/Src/Oled_Display.c:267:6:SSD1306_DrawScrollingText	296	static
../Core/Src/Oled_Display.c:338:6:ScrollTextInit	8	static
../Core/Src/Oled_Display.c:344:6:SSD1306_DisplayTemperature	360	static
