../Core/Src/main.c:143:5:main	8	static
../Core/Src/main.c:190:6:SystemClock_Config	88	static
../Core/Src/main.c:238:13:MX_I2C1_Init	8	static
../Core/Src/main.c:272:13:MX_USART2_UART_Init	8	static
../Core/Src/main.c:305:13:MX_GPIO_Init	48	static
../Core/Src/main.c:340:6:SSD1306_WriteCommand	32	static
../Core/Src/main.c:347:6:SSD1306_WriteData	160	static
../Core/Src/main.c:359:6:SSD1306_Init	8	static
../Core/Src/main.c:392:6:SSD1306_DisplayImage	24	static
../Core/Src/main.c:409:6:Error_Handler	4	static,ignoring_inline_asm
